interactions:
- request:
    body: null
    headers:
      Accept:
      - '*/*'
      Accept-Encoding:
      - gzip, deflate
      Connection:
      - keep-alive
      User-Agent:
      - python-requests/2.26.0
    method: GET
    uri: https://cn.dataone.org/cn/v2/query/solr/?q=resourceMap:%22resource_map_doi%3A10.18739%2FA2FS85%22&fl=identifier,formatType,title,size,formatId,fileName,documents,checksum,checksumAlgorithm,keywords,dataUrl,dateUploaded&rows=1000&start=0&wt=json
  response:
    body:
      string: '{"responseHeader":{"status":0,"QTime":54,"params":{"q":"resourceMap:\"resource_map_doi:10.18739/A2FS85\"","fl":"identifier,formatType,title,size,formatId,fileName,documents,checksum,checksumAlgorithm,keywords,dataUrl,dateUploaded","start":"0","rows":"1000","wt":"json"}},"response":{"numFound":3,"start":0,"docs":[{"identifier":"resource_map_doi:10.18739/A2KH0M","fileName":"resource_map_doi_10_18739_A2KH0M.rdf.xml","formatId":"http://www.openarchives.org/ore/terms","formatType":"RESOURCE","size":5317,"checksum":"8bbf186c13e07b96d840db5ef298d608a718e53fa8d56bc70943f8db34d17687","checksumAlgorithm":"SHA256","dateUploaded":"2016-04-02T03:27:55.686Z","dataUrl":"https://cn.dataone.org/cn/v2/resolve/resource_map_doi%3A10.18739%2FA2KH0M"},{"identifier":"doi:10.18739/A2FS85","fileName":"science_metadata.xml","formatId":"eml://ecoinformatics.org/eml-2.1.1","formatType":"METADATA","size":5739,"checksum":"a6626690824b1853c9ee3a30bec40655d94b3ff594b934786e6dc2414a4fb4b7","checksumAlgorithm":"SHA256","dateUploaded":"2016-04-02T03:28:10.047Z","dataUrl":"https://cn.dataone.org/cn/v2/resolve/doi%3A10.18739%2FA2FS85","keywords":["EARTH
        SCIENCE > BIOSPHERE > TERRESTRIAL ECOSYSTEMS > ALPINE/TUNDRA","IN SITU/LABORATORY
        INSTRUMENTS > PROBES > SOIL MOISTURE PROBE","FIELD SURVEY","TRANSECT","30
        METERS TO 100 METERS","MONTHLY TO ANNUAL","biota"],"title":"Soil Moisture
        NIMS grid Barrow, Alaska 2012","documents":["resource_map_doi:10.18739/A2KH0M","urn:uuid:eb1dd498-260a-4f1a-aae9-feb504b5db23","doi:10.18739/A2FS85"]},{"identifier":"urn:uuid:eb1dd498-260a-4f1a-aae9-feb504b5db23","fileName":"SoilMoistNimsBrw2012.xls","formatId":"application/vnd.ms-excel","formatType":"DATA","size":60928,"checksum":"6969fa2b7a0b2d85fc49da866071c30323890c63c1f804dd98abe1178e024c8f","checksumAlgorithm":"SHA256","dateUploaded":"2013-02-19T21:31:19.103Z","dataUrl":"https://cn.dataone.org/cn/v2/resolve/urn%3Auuid%3Aeb1dd498-260a-4f1a-aae9-feb504b5db23"}]}}

        '
    headers:
      Access-Control-Allow-Credentials:
      - 'true'
      Access-Control-Allow-Headers:
      - Authorization, Content-Type, Location, Content-Length, x-annotator-auth-token,
        Cache-Control
      Access-Control-Allow-Methods:
      - POST, GET, OPTIONS, PUT, DELETE
      Access-Control-Allow-Origin:
      - ''
      Access-Control-Expose-Headers:
      - Content-Length, Content-Type, Location
      Connection:
      - Keep-Alive
      Content-Type:
      - application/json; charset=UTF-8
      Date:
      - Fri, 04 Mar 2022 19:57:59 GMT
      Keep-Alive:
      - timeout=5, max=100
      Server:
      - Apache/2.4.52 (Ubuntu)
      Transfer-Encoding:
      - chunked
      Vary:
      - Origin
    status:
      code: 200
      message: OK
- request:
    body: null
    headers:
      Accept:
      - '*/*'
      Accept-Encoding:
      - gzip, deflate
      Connection:
      - keep-alive
      User-Agent:
      - python-requests/2.26.0
    method: GET
    uri: https://cn.dataone.org/cn/v2/query/solr/?q=resourceMap:%22resource_map_doi%3A10.18739%2FA2KH0M%22&fl=identifier,formatType,title,size,formatId,fileName,documents,checksum,checksumAlgorithm,keywords,dataUrl,dateUploaded&rows=1000&start=0&wt=json
  response:
    body:
      string: '{"responseHeader":{"status":0,"QTime":3,"params":{"q":"resourceMap:\"resource_map_doi:10.18739/A2KH0M\"","fl":"identifier,formatType,title,size,formatId,fileName,documents,checksum,checksumAlgorithm,keywords,dataUrl,dateUploaded","start":"0","rows":"1000","wt":"json"}},"response":{"numFound":3,"start":0,"docs":[{"identifier":"resource_map_doi:10.18739/A2Q92J","fileName":"resource_map_doi_10_18739_A2Q92J.rdf.xml","formatId":"http://www.openarchives.org/ore/terms","formatType":"RESOURCE","size":5317,"checksum":"47dc6dff78c08ec39146d63e877d6264ed5903e278ec0b64cf83b144db878dfa","checksumAlgorithm":"SHA256","dateUploaded":"2016-04-02T03:27:34.198Z","dataUrl":"https://cn.dataone.org/cn/v2/resolve/resource_map_doi%3A10.18739%2FA2Q92J"},{"identifier":"doi:10.18739/A2KH0M","fileName":"science_metadata.xml","formatId":"eml://ecoinformatics.org/eml-2.1.1","formatType":"METADATA","size":6702,"checksum":"3c606684e1f2cfc4507ebbfaf00fcdf64b95444341df086586bf58aab70201fe","checksumAlgorithm":"SHA256","dateUploaded":"2016-04-02T03:27:49.532Z","dataUrl":"https://cn.dataone.org/cn/v2/resolve/doi%3A10.18739%2FA2KH0M","keywords":["EARTH
        SCIENCE > BIOSPHERE > TERRESTRIAL ECOSYSTEMS > ALPINE/TUNDRA","IN SITU/LABORATORY
        INSTRUMENTS > PROBES > PROBES","FIELD SURVEY","TRANSECT","30 METERS TO 100
        METERS","MONTHLY TO ANNUAL","biota"],"title":"Water Table Depth (WTD) NIMS
        grid Atqasuk, Alaska 2012","documents":["resource_map_doi:10.18739/A2Q92J","doi:10.18739/A2KH0M","urn:uuid:c7294026-6d6e-479c-824e-8ceee995073c"]},{"identifier":"urn:uuid:c7294026-6d6e-479c-824e-8ceee995073c","fileName":"WtdNimsAtq2012.xls","formatId":"application/vnd.ms-excel","formatType":"DATA","size":87040,"checksum":"680c9bd848cb6564fca69b15abc80059c3cc30219c5234df475398dd53132b81","checksumAlgorithm":"SHA256","dateUploaded":"2013-02-19T21:41:42.207Z","dataUrl":"https://cn.dataone.org/cn/v2/resolve/urn%3Auuid%3Ac7294026-6d6e-479c-824e-8ceee995073c"}]}}

        '
    headers:
      Access-Control-Allow-Credentials:
      - 'true'
      Access-Control-Allow-Headers:
      - Authorization, Content-Type, Location, Content-Length, x-annotator-auth-token,
        Cache-Control
      Access-Control-Allow-Methods:
      - POST, GET, OPTIONS, PUT, DELETE
      Access-Control-Allow-Origin:
      - ''
      Access-Control-Expose-Headers:
      - Content-Length, Content-Type, Location
      Connection:
      - Keep-Alive
      Content-Type:
      - application/json; charset=UTF-8
      Date:
      - Fri, 04 Mar 2022 19:57:59 GMT
      Keep-Alive:
      - timeout=5, max=100
      Server:
      - Apache/2.4.52 (Ubuntu)
      Transfer-Encoding:
      - chunked
      Vary:
      - Origin
    status:
      code: 200
      message: OK
- request:
    body: null
    headers:
      Accept:
      - '*/*'
      Accept-Encoding:
      - gzip, deflate
      Connection:
      - keep-alive
      User-Agent:
      - python-requests/2.26.0
    method: GET
    uri: https://cn.dataone.org/cn/v2/query/solr/?q=resourceMap:%22resource_map_doi%3A10.18739%2FA2Q92J%22&fl=identifier,formatType,title,size,formatId,fileName,documents,checksum,checksumAlgorithm,keywords,dataUrl,dateUploaded&rows=1000&start=0&wt=json
  response:
    body:
      string: '{"responseHeader":{"status":0,"QTime":3,"params":{"q":"resourceMap:\"resource_map_doi:10.18739/A2Q92J\"","fl":"identifier,formatType,title,size,formatId,fileName,documents,checksum,checksumAlgorithm,keywords,dataUrl,dateUploaded","start":"0","rows":"1000","wt":"json"}},"response":{"numFound":3,"start":0,"docs":[{"identifier":"resource_map_doi:10.18739/A2ZS8T","fileName":"resource_map_doi_10_18739_A2ZS8T.rdf.xml","formatId":"http://www.openarchives.org/ore/terms","formatType":"RESOURCE","size":5317,"checksum":"fefa48f8f62b88d48ccb8a9aceedb0807bad671e1c3c362d685782ca546e0950","checksumAlgorithm":"SHA256","dateUploaded":"2016-04-02T02:35:35.754Z","dataUrl":"https://cn.dataone.org/cn/v2/resolve/resource_map_doi%3A10.18739%2FA2ZS8T"},{"identifier":"doi:10.18739/A2Q92J","fileName":"science_metadata.xml","formatId":"eml://ecoinformatics.org/eml-2.1.1","formatType":"METADATA","size":6825,"checksum":"06de824429b2b8e45a3f8330d6762acb2d594e81b79d82ef4553d77736ba2fc8","checksumAlgorithm":"SHA256","dateUploaded":"2016-04-02T03:27:27.02Z","dataUrl":"https://cn.dataone.org/cn/v2/resolve/doi%3A10.18739%2FA2Q92J","keywords":["EARTH
        SCIENCE > BIOSPHERE > TERRESTRIAL ECOSYSTEMS > ALPINE/TUNDRA","IN SITU/LABORATORY
        INSTRUMENTS > PROBES > PROBES","FIELD SURVEY","TRANSECT","30 METERS TO 100
        METERS","MONTHLY TO ANNUAL","biota"],"title":"Water Table Depth (WTD) NIMS
        grid Barrow, Alaska 2012","documents":["urn:uuid:79218237-7290-4b03-965a-70b5dd467910","resource_map_doi:10.18739/A2ZS8T","doi:10.18739/A2Q92J"]},{"identifier":"urn:uuid:79218237-7290-4b03-965a-70b5dd467910","fileName":"WtdNimsBrw2012.xls","formatId":"application/vnd.ms-excel","formatType":"DATA","size":106496,"checksum":"d94b0bc8baaa282dea3c5b7d8ae1cfee4896d506a0f3a6a62ca811afba6a783e","checksumAlgorithm":"SHA256","dateUploaded":"2013-02-19T21:56:30.169Z","dataUrl":"https://cn.dataone.org/cn/v2/resolve/urn%3Auuid%3A79218237-7290-4b03-965a-70b5dd467910"}]}}

        '
    headers:
      Access-Control-Allow-Credentials:
      - 'true'
      Access-Control-Allow-Headers:
      - Authorization, Content-Type, Location, Content-Length, x-annotator-auth-token,
        Cache-Control
      Access-Control-Allow-Methods:
      - POST, GET, OPTIONS, PUT, DELETE
      Access-Control-Allow-Origin:
      - ''
      Access-Control-Expose-Headers:
      - Content-Length, Content-Type, Location
      Connection:
      - Keep-Alive
      Content-Type:
      - application/json; charset=UTF-8
      Date:
      - Fri, 04 Mar 2022 19:58:00 GMT
      Keep-Alive:
      - timeout=5, max=100
      Server:
      - Apache/2.4.52 (Ubuntu)
      Transfer-Encoding:
      - chunked
      Vary:
      - Origin
    status:
      code: 200
      message: OK
- request:
    body: null
    headers:
      Accept:
      - '*/*'
      Accept-Encoding:
      - gzip, deflate
      Connection:
      - keep-alive
      User-Agent:
      - python-requests/2.26.0
    method: GET
    uri: https://cn.dataone.org/cn/v2/query/solr/?q=resourceMap:%22resource_map_doi%3A10.18739%2FA2ZS8T%22&fl=identifier,formatType,title,size,formatId,fileName,documents,checksum,checksumAlgorithm,keywords,dataUrl,dateUploaded&rows=1000&start=0&wt=json
  response:
    body:
      string: '{"responseHeader":{"status":0,"QTime":5,"params":{"q":"resourceMap:\"resource_map_doi:10.18739/A2ZS8T\"","fl":"identifier,formatType,title,size,formatId,fileName,documents,checksum,checksumAlgorithm,keywords,dataUrl,dateUploaded","start":"0","rows":"1000","wt":"json"}},"response":{"numFound":3,"start":0,"docs":[{"identifier":"resource_map_doi:10.18739/A2V05T","fileName":"resource_map_doi_10_18739_A2V05T.rdf.xml","formatId":"http://www.openarchives.org/ore/terms","formatType":"RESOURCE","size":4098,"checksum":"589ca652afd03f1bc75064fc658cd5e5c9204e7d0817e8bce7465d6af9a50410","checksumAlgorithm":"SHA256","dateUploaded":"2016-04-02T02:33:55.767Z","dataUrl":"https://cn.dataone.org/cn/v2/resolve/resource_map_doi%3A10.18739%2FA2V05T"},{"identifier":"doi:10.18739/A2ZS8T","fileName":"science_metadata.xml","formatId":"eml://ecoinformatics.org/eml-2.1.1","formatType":"METADATA","size":5652,"checksum":"6809a118085bea4b1de25ff46eadda880ef9c2c4ce67c9f4cc4fdc91ac5b3671","checksumAlgorithm":"SHA256","dateUploaded":"2016-04-02T02:35:27.399Z","dataUrl":"https://cn.dataone.org/cn/v2/resolve/doi%3A10.18739%2FA2ZS8T","keywords":["EARTH
        SCIENCE > LAND SURFACE > SOILS > SOIL TEMPERATURE","IN SITU/LABORATORY INSTRUMENTS
        > PROBES > PROBES","FIELD SURVEY","GRID","1 KILOMETER","MONTHLY TO ANNUAL","geoscientificInformation"],"title":"Soil
        Temperature ARCSS grid Atqasuk, Alaska 2012","documents":["resource_map_doi:10.18739/A2V05T","doi:10.18739/A2ZS8T","urn:uuid:e1317da8-ae3b-4755-a465-4b684d3d97f6"]},{"identifier":"urn:uuid:e1317da8-ae3b-4755-a465-4b684d3d97f6","fileName":"SoilTemperatureAtqArcssGrid2012.xls","formatId":"application/vnd.ms-excel","formatType":"DATA","size":99328,"checksum":"fdaf5128c06697e2a19c89c29d76a3632be41933f48f04f16e06e25a7949abbf","checksumAlgorithm":"SHA256","dateUploaded":"2013-02-19T21:57:52.545Z","dataUrl":"https://cn.dataone.org/cn/v2/resolve/urn%3Auuid%3Ae1317da8-ae3b-4755-a465-4b684d3d97f6"}]}}

        '
    headers:
      Access-Control-Allow-Credentials:
      - 'true'
      Access-Control-Allow-Headers:
      - Authorization, Content-Type, Location, Content-Length, x-annotator-auth-token,
        Cache-Control
      Access-Control-Allow-Methods:
      - POST, GET, OPTIONS, PUT, DELETE
      Access-Control-Allow-Origin:
      - ''
      Access-Control-Expose-Headers:
      - Content-Length, Content-Type, Location
      Connection:
      - Keep-Alive
      Content-Type:
      - application/json; charset=UTF-8
      Date:
      - Fri, 04 Mar 2022 19:58:00 GMT
      Keep-Alive:
      - timeout=5, max=100
      Server:
      - Apache/2.4.52 (Ubuntu)
      Transfer-Encoding:
      - chunked
      Vary:
      - Origin
    status:
      code: 200
      message: OK
- request:
    body: null
    headers:
      Accept:
      - '*/*'
      Accept-Encoding:
      - gzip, deflate
      Connection:
      - keep-alive
      User-Agent:
      - python-requests/2.26.0
    method: GET
    uri: https://cn.dataone.org/cn/v2/query/solr/?q=resourceMap:%22resource_map_doi%3A10.18739%2FA2V05T%22&fl=identifier,formatType,title,size,formatId,fileName,documents,checksum,checksumAlgorithm,keywords,dataUrl,dateUploaded&rows=1000&start=0&wt=json
  response:
    body:
      string: '{"responseHeader":{"status":0,"QTime":3,"params":{"q":"resourceMap:\"resource_map_doi:10.18739/A2V05T\"","fl":"identifier,formatType,title,size,formatId,fileName,documents,checksum,checksumAlgorithm,keywords,dataUrl,dateUploaded","start":"0","rows":"1000","wt":"json"}},"response":{"numFound":2,"start":0,"docs":[{"identifier":"doi:10.18739/A2V05T","fileName":"science_metadata.xml","formatId":"eml://ecoinformatics.org/eml-2.1.1","formatType":"METADATA","size":5812,"checksum":"4553351a3d135bd21acf60882da0f5f7c2e2bc41ea31d25ba3d42863f9040f5a","checksumAlgorithm":"SHA256","dateUploaded":"2016-04-02T02:33:46.235Z","dataUrl":"https://cn.dataone.org/cn/v2/resolve/doi%3A10.18739%2FA2V05T","keywords":["EARTH
        SCIENCE > LAND SURFACE > SOILS > SOIL TEMPERATURE","IN SITU/LABORATORY INSTRUMENTS
        > PROBES > TEMPERATURE PROBES","FIELD SURVEY","GRID","1 KILOMETER","MONTHLY
        TO ANNUAL","geoscientificInformation"],"title":"Soil Temperature ARCSS grid
        Barrow, Alaska 2012","documents":["urn:uuid:53e8a6e6-8c81-4200-a187-445893c2b832","doi:10.18739/A2V05T"]},{"identifier":"urn:uuid:53e8a6e6-8c81-4200-a187-445893c2b832","fileName":"SoilTemperatureBrwArcssGrid2012.xls","formatId":"application/vnd.ms-excel","formatType":"DATA","size":88576,"checksum":"fbfda58b16ae0baf32a413d059361e48892a5776a0e04f02eabf85bc93d34142","checksumAlgorithm":"SHA256","dateUploaded":"2013-02-19T22:01:18.036Z","dataUrl":"https://cn.dataone.org/cn/v2/resolve/urn%3Auuid%3A53e8a6e6-8c81-4200-a187-445893c2b832"}]}}

        '
    headers:
      Access-Control-Allow-Credentials:
      - 'true'
      Access-Control-Allow-Headers:
      - Authorization, Content-Type, Location, Content-Length, x-annotator-auth-token,
        Cache-Control
      Access-Control-Allow-Methods:
      - POST, GET, OPTIONS, PUT, DELETE
      Access-Control-Allow-Origin:
      - ''
      Access-Control-Expose-Headers:
      - Content-Length, Content-Type, Location
      Connection:
      - Keep-Alive
      Content-Type:
      - application/json; charset=UTF-8
      Date:
      - Fri, 04 Mar 2022 19:58:01 GMT
      Keep-Alive:
      - timeout=5, max=100
      Server:
      - Apache/2.4.52 (Ubuntu)
      Transfer-Encoding:
      - chunked
      Vary:
      - Origin
    status:
      code: 200
      message: OK
version: 1
